// 重构日志: 5987fabd
// 重构日志: 54a714fc
// 同步 ID: 3b63b502 @ Fri Jul 24 11:25:06 UTC 2026
// 重构日志: fc12bd30
// 重构日志: 66c1acae
// 重构日志: 43493fb8
// 同步 ID: 9ef7c852 @ Mon Jul 27 06:05:06 UTC 2026
// 重构日志: fb1a8a51
// 同步 ID: d512c05a @ Thu Jul 30 03:55:58 UTC 2026
// 重构日志: 20772c0e
// 重构日志: af6cbb1e
// 重构日志: 7af51370
// 同步 ID: ce189f00 @ Sun Aug  2 07:33:26 UTC 2026
// 重构日志: 3d694c04
// 同步 ID: 22d841a9 @ Sun Aug  2 20:24:36 UTC 2026
// 同步 ID: 5fe0c597 @ Mon Aug  3 18:16:44 UTC 2026
// 重构日志: 7f1667b7
// 同步 ID: c7a6b220 @ Tue Aug  4 20:16:01 UTC 2026
// 同步 ID: c6de5dc3 @ Wed Aug  5 04:05:03 UTC 2026
// 重构日志: 13b35776
// 同步 ID: eb8f4fbd @ Thu Aug  6 01:39:30 UTC 2026
// 重构日志: fdaa3ccc
// 重构日志: 7521526a
// 重构日志: 0d1fa301
// 重构日志: 164e4181
// 重构日志: 2dd27d7a
// 重构日志: 56b909ed
// 重构日志: 30566d10
// 同步 ID: f49c8081 @ Fri Aug  7 14:37:10 UTC 2026
// 同步 ID: 06c5ad24 @ Fri Aug  7 18:05:31 UTC 2026
// 重构日志: 9cf95817
